
> sla-rbt-app@0.1.0 test
> react-scripts test src/utils/helpers.test.ts

node.exe : FAIL src/utils/helpers.test.ts
At line:1 char:1
+ & "C:\Program Files\nodejs/node.exe" 
"C:\Program Files\nodejs/node_mo ...
+ ~~~~~~~~~~~~~~~~~~~~~~~~~~~~~~~~~~~~~~~~
~~~~~~~~~~~~~~~~~~~~~~~~~~~~~
    + CategoryInfo          : NotSpecifie 
   d: (FAIL src/utils/helpers.test.ts:St  
  ring) [], RemoteException
    + FullyQualifiedErrorId : NativeComma 
   ndError
 
  calculateBusinessHours
    ΓêÜ calculates hours on the same day 
without lunch overlap (2 ms)
    ΓêÜ calculates hours on the same day 
with lunch overlap (1 ms)
    ΓêÜ calculates multi-day including 
holidays
    ΓêÜ returns 0 if start is after end 
(1 ms)
  getSLAStatus
    ΓêÜ returns pending
    ΓêÜ returns ok (1 ms)
    ├ù returns warning (1 ms)
    ΓêÜ returns exceeded (1 ms)

  ΓùÅ getSLAStatus ΓÇ║ returns warning

    expect(received).toBe(expected) // 
Object.is equality

    Expected: "warning"
    Received: "ok"

    [0m [90m 46 |[39m
     [90m 47 |[39m   it([32m'returns 
warning'[39m[33m,[39m () [33m=>[39m {
    [31m[1m>[22m[39m[90m 48 |[39m   
  expect(getSLAStatus([35m19.2[39m[33m,
[39m [35m24[39m))[33m.[39mtoBe([32m'
warning'[39m)[33m;[39m
     [90m    |[39m                      
              [31m[1m^[22m[39m
     [90m 49 |[39m     expect(getSLAStat
us([35m20[39m[33m,[39m [35m24[39m))
[33m.[39mtoBe([32m'warning'[39m)[33m;
[39m
     [90m 50 |[39m     expect(getSLAStat
us([35m24[39m[33m,[39m [35m24[39m))
[33m.[39mtoBe([32m'warning'[39m)[33m;
[39m
     [90m 51 |[39m   })[33m;[39m[0m

      at Object.<anonymous> 
(src/utils/helpers.test.ts:48:36)
      at TestScheduler.scheduleTests (node
_modules/@jest/core/build/TestScheduler.js
:333:13)
      at runJest (node_modules/@jest/core/
build/runJest.js:404:19)
      at _run10000 (node_modules/@jest/cor
e/build/cli/index.js:320:7)
      at runCLI (node_modules/@jest/core/b
uild/cli/index.js:173:3)

Test Suites: 1 failed, 1 total
Tests:       1 failed, 7 passed, 8 total
Snapshots:   0 total
Time:        1.31 s
Ran all test suites matching 
/src\\utils\\helpers.test.ts/i.
